// Jest Snapshot v1, https://goo.gl/fbAQLP

exports[`renders correctly 1`] = `
<div
  className="form-group p-3"
>
  <label
    className="mt-2"
    htmlFor="password"
  >
    Password
  </label>
  <div>
    <input
      className="form-control"
      id="password"
      name="password"
      onChange={[Function]}
      type="password"
      value=""
    />
  </div>
  <label
    className="mt-2"
    htmlFor="password_confirm"
  >
    New password
  </label>
  <div>
    <input
      className="form-control"
      id="password_confirm"
      name="password_confirm"
      onChange={[Function]}
      type="password"
      value=""
    />
  </div>
  <label
    className="mt-2"
    htmlFor="password_new"
  >
    New password confirmation
  </label>
  <div>
    <input
      className="form-control"
      id="password_new"
      name="password_new"
      onChange={[Function]}
      type="password"
      value=""
    />
  </div>
  <button
    className="mt-3 btn btn-success d-block btn btn-primary"
    disabled={false}
    onClick={[Function]}
    type="button"
  >
    Change
  </button>
</div>
`;
