// Jest Snapshot v1, https://goo.gl/fbAQLP

exports[`renders correctly 1`] = `
<div>
  <button
    className="small btn btn-primary"
    disabled={false}
    onClick={[Function]}
    type="button"
  >
    Back
  </button>
  <div
    className="mt-3"
  >
    <a
      download="generatedBy_react-csv.csv"
      href="data:text/csv;charset=utf-8,﻿\\"sensor_id\\",\\"metric\\",\\"unit\\",\\"value\\",\\"createdAt\\"
\\"id1\\",\\"id1\\",\\"cm\\",\\"10\\",\\"29.9.2018 10:00\\""
      onClick={[Function]}
      target="_self"
    >
      Download data as CSV
    </a>
  </div>
  <div
    className="mt-3"
  >
    <a
      download="generatedBy_react-csv.csv"
      href="data:text/csv;charset=utf-8,﻿\\"sensor_id\\",\\"is_status\\",\\"value\\",\\"createdAt\\"
\\"id1\\",\\"true\\",\\"10\\",\\"29.9.2018 10:00\\""
      onClick={[Function]}
      target="_self"
    >
      Download STATUS data as CSV
    </a>
  </div>
  <div
    className="form-check form-check-inline mt-3"
  >
    <input
      checked={true}
      className="form-check-input mb-3"
      id="filterByMetric"
      onChange={[Function]}
      style={
        Object {
          "height": "15px",
          "width": "15px",
        }
      }
      type="checkbox"
      value={true}
    />
    <label
      className="form-check-label mb-3"
      htmlFor="filterByMetric"
    >
      Filter by metric
    </label>
  </div>
</div>
`;
